// 同步 ID: 2baf6039 @ Sun Jul 19 10:49:30 UTC 2026
// 同步 ID: 6b7edc65 @ Mon Jul 20 05:27:20 UTC 2026
// 同步 ID: b750f52a @ Mon Jul 20 08:34:12 UTC 2026
// 重构日志: 047e57a2
// 重构日志: 78d3dfc9
// 同步 ID: e7207e07 @ Tue Jul 21 05:45:07 UTC 2026
// 重构日志: a31b5f82
// 重构日志: 9e1c3725
// 重构日志: c2134f47
// 重构日志: 85831b8e
// 同步 ID: ad6fbdcc @ Thu Jul 23 08:39:23 UTC 2026
// 重构日志: bbb9845b
// 重构日志: e415892b
// 同步 ID: f97a9149 @ Fri Jul 24 14:37:59 UTC 2026
// 重构日志: de728fa8
// 重构日志: be8f8c69
// 同步 ID: aa88121f @ Sat Jul 25 18:00:05 UTC 2026
// 重构日志: 90a162bf
// 重构日志: 608770f3
// 重构日志: aeed6aa6
// 重构日志: 778d3019
// 同步 ID: bcd679c8 @ Wed Jul 29 01:58:56 UTC 2026
// 同步 ID: 1450f976 @ Wed Jul 29 08:23:11 UTC 2026
// 同步 ID: 3d4b1e61 @ Wed Jul 29 11:33:06 UTC 2026
// 同步 ID: 6ed2a924 @ Wed Jul 29 13:34:12 UTC 2026
// 重构日志: 6ccac366
// 重构日志: c400a1ec
// 重构日志: 44f0a1e0
// 重构日志: c3db86ab
// 同步 ID: 06ed0dea @ Sun Aug  2 12:28:04 UTC 2026
// 重构日志: 9f452cae
